// Jest Snapshot v1, https://goo.gl/fbAQLP

exports[`TODO アプリ タスクの⼊⼒ 1`] = `
"<!DOCTYPE html><html><head>
    <meta charset=\\"utf-8\\">
    <link rel=\\"stylesheet\\" href=\\"./css/style.css\\">
    <title>TODO</title>
  <style type=\\"text/css\\">
#todoList[data-v-4e956b0c] {
  border-radius: 5px;
  border: 1px dashed gray;
  margin: 20px 0px;
  padding: 20px;
  text-align: center;
  width: 400px;
}
.todo input[data-v-4e956b0c] {
  width: 80%;
}
</style><style type=\\"text/css\\">
span[data-v-a5c1973e] {
  font-weight: bold;
  font-size: 1.2rem;
}
</style><style type=\\"text/css\\">
span[data-v-20403811] {
  font-size: 0.8em;
}
</style><style type=\\"text/css\\">
div[data-v-7b0b1d4f] {
  border-radius: 5px;
  border: 1px dashed gray;
  margin: 20px 0px;
  padding: 20px;
  text-align: center;
  width: 400px;
}
</style></head>
  <body>
    <button id=\\"addTodo\\">タスクを追加する</button>
    <div data-v-4e956b0c=\\"\\" id=\\"todoList\\" style=\\"\\"><div data-v-4e956b0c=\\"\\" class=\\"todo\\"><input data-v-4e956b0c=\\"\\" type=\\"text\\"><button data-v-4e956b0c=\\"\\" class=\\"delete\\">削除</button></div><div data-v-4e956b0c=\\"\\" class=\\"todo\\"><input data-v-4e956b0c=\\"\\" type=\\"text\\"><button data-v-4e956b0c=\\"\\" class=\\"delete\\">削除</button></div></div>
    <div data-v-7b0b1d4f=\\"\\" id=\\"todoEmpty\\" style=\\"display: none;\\">タスクがありません</div>
    <div>
      <span data-v-a5c1973e=\\"\\" id=\\"nextTodo\\">次のTODO: サンプルタスク1</span>
      <span data-v-20403811=\\"\\" id=\\"todoCount\\">(全2件)</span>
    </div>
    <script src=\\"./dist/main.js\\"></script>
   

</body></html>"
`;

exports[`TODO アプリ タスクの削除 1`] = `
"<!DOCTYPE html><html><head>
    <meta charset=\\"utf-8\\">
    <link rel=\\"stylesheet\\" href=\\"./css/style.css\\">
    <title>TODO</title>
  <style type=\\"text/css\\">
#todoList[data-v-4e956b0c] {
  border-radius: 5px;
  border: 1px dashed gray;
  margin: 20px 0px;
  padding: 20px;
  text-align: center;
  width: 400px;
}
.todo input[data-v-4e956b0c] {
  width: 80%;
}
</style><style type=\\"text/css\\">
span[data-v-a5c1973e] {
  font-weight: bold;
  font-size: 1.2rem;
}
</style><style type=\\"text/css\\">
span[data-v-20403811] {
  font-size: 0.8em;
}
</style><style type=\\"text/css\\">
div[data-v-7b0b1d4f] {
  border-radius: 5px;
  border: 1px dashed gray;
  margin: 20px 0px;
  padding: 20px;
  text-align: center;
  width: 400px;
}
</style></head>
  <body>
    <button id=\\"addTodo\\">タスクを追加する</button>
    <div data-v-4e956b0c=\\"\\" id=\\"todoList\\" style=\\"display: none;\\"></div>
    <div data-v-7b0b1d4f=\\"\\" id=\\"todoEmpty\\" style=\\"\\">タスクがありません</div>
    <div>
      <span data-v-a5c1973e=\\"\\" id=\\"nextTodo\\">次のTODO: (未登録)</span>
      <span data-v-20403811=\\"\\" id=\\"todoCount\\">(全0件)</span>
    </div>
    <script src=\\"./dist/main.js\\"></script>
   

</body></html>"
`;

exports[`TODO アプリ タスクの追加 1`] = `
"<!DOCTYPE html><html><head>
    <meta charset=\\"utf-8\\">
    <link rel=\\"stylesheet\\" href=\\"./css/style.css\\">
    <title>TODO</title>
  <style type=\\"text/css\\">
#todoList[data-v-4e956b0c] {
  border-radius: 5px;
  border: 1px dashed gray;
  margin: 20px 0px;
  padding: 20px;
  text-align: center;
  width: 400px;
}
.todo input[data-v-4e956b0c] {
  width: 80%;
}
</style><style type=\\"text/css\\">
span[data-v-a5c1973e] {
  font-weight: bold;
  font-size: 1.2rem;
}
</style><style type=\\"text/css\\">
span[data-v-20403811] {
  font-size: 0.8em;
}
</style><style type=\\"text/css\\">
div[data-v-7b0b1d4f] {
  border-radius: 5px;
  border: 1px dashed gray;
  margin: 20px 0px;
  padding: 20px;
  text-align: center;
  width: 400px;
}
</style></head>
  <body>
    <button id=\\"addTodo\\">タスクを追加する</button>
    <div data-v-4e956b0c=\\"\\" id=\\"todoList\\" style=\\"\\"><div data-v-4e956b0c=\\"\\" class=\\"todo\\"><input data-v-4e956b0c=\\"\\" type=\\"text\\"><button data-v-4e956b0c=\\"\\" class=\\"delete\\">削除</button></div><div data-v-4e956b0c=\\"\\" class=\\"todo\\"><input data-v-4e956b0c=\\"\\" type=\\"text\\"><button data-v-4e956b0c=\\"\\" class=\\"delete\\">削除</button></div></div>
    <div data-v-7b0b1d4f=\\"\\" id=\\"todoEmpty\\" style=\\"display: none;\\">タスクがありません</div>
    <div>
      <span data-v-a5c1973e=\\"\\" id=\\"nextTodo\\">次のTODO: </span>
      <span data-v-20403811=\\"\\" id=\\"todoCount\\">(全2件)</span>
    </div>
    <script src=\\"./dist/main.js\\"></script>
   

</body></html>"
`;

exports[`TODO アプリ 初期表⽰ 1`] = `
"<!DOCTYPE html><html><head>
    <meta charset=\\"utf-8\\">
    <link rel=\\"stylesheet\\" href=\\"./css/style.css\\">
    <title>TODO</title>
  <style type=\\"text/css\\">
#todoList[data-v-4e956b0c] {
  border-radius: 5px;
  border: 1px dashed gray;
  margin: 20px 0px;
  padding: 20px;
  text-align: center;
  width: 400px;
}
.todo input[data-v-4e956b0c] {
  width: 80%;
}
</style><style type=\\"text/css\\">
span[data-v-a5c1973e] {
  font-weight: bold;
  font-size: 1.2rem;
}
</style><style type=\\"text/css\\">
span[data-v-20403811] {
  font-size: 0.8em;
}
</style><style type=\\"text/css\\">
div[data-v-7b0b1d4f] {
  border-radius: 5px;
  border: 1px dashed gray;
  margin: 20px 0px;
  padding: 20px;
  text-align: center;
  width: 400px;
}
</style></head>
  <body>
    <button id=\\"addTodo\\">タスクを追加する</button>
    <div data-v-4e956b0c=\\"\\" id=\\"todoList\\" style=\\"display: none;\\"></div>
    <div data-v-7b0b1d4f=\\"\\" id=\\"todoEmpty\\">タスクがありません</div>
    <div>
      <span data-v-a5c1973e=\\"\\" id=\\"nextTodo\\">次のTODO: (未登録)</span>
      <span data-v-20403811=\\"\\" id=\\"todoCount\\">(全0件)</span>
    </div>
    <script src=\\"./dist/main.js\\"></script>
   

</body></html>"
`;
